// Jest Snapshot v1, https://goo.gl/fbAQLP

exports[`should render an DashboardPage correctly 1`] = `
<div>
  Dashboard Page Content
</div>
`;
